// Jest Snapshot v1, https://goo.gl/fbAQLP

exports[`App component only should be mounted correctly 1`] = `
<CozyProvider
  client={
    CozyClient {
      "uri": undefined,
    }
  }
>
  <I18n
    defaultLang="en"
    dictRequire={[Function]}
    lang="en"
  >
    <BreakpointsProvider>
      <HashRouter>
        <Unknown />
      </HashRouter>
    </BreakpointsProvider>
  </I18n>
</CozyProvider>
`;
